*
*  KIM-1 NOTRAN DEMONSTRATION SCORE
*  PURPOSE IS TO DEMONSTRATE NOTRAN
*  CODING TECHNIQUES AND CAPABILITIES.
*  NOTE THAT A VARIETY OF STATEMENT
*  FORMATS ARE USED AND THAT REDUNDANT
*  INFORMATION IS OFTEN GIVEN FOR
*  INSTRUCTIONAL PURPOSES.
*
*  SETUP FOR 4 VOICES MAXIMUM, ACTIVATE
*  VOICE 1; ASSIGN IT TO WAVEFORM 1,
*  AND SET A MODERATE TEMPO
   NVC 4;  ACT 1;  WAV 1,1;  TPO 120
262F  50 04 90 00 10 78 
*
*  DEMONSTRATION 1  SIMPLE 1 VOICE SCALE
   1C4H; 1D4Q; E4Q; FQ; GQ; AQ; BQ; C5Q
2635  60 4A 03 26 26 16 26 26 26 16 
   B4Q; AQ; GQ; FQ; EQ; DQ; CH.
263F  F6 E6 E6 E6 F6 E6 E2 
   1RQ
2646  86 
   CH; C#Q; DQ; E@Q; EQ; FQ; F#Q; GQ; G#Q
2647  03 16 16 16 16 16 16 16 16 
   AQ; B@Q; C@Q; C5H
2650  16 16 16 13 
   B4Q; A#Q; AQ; G#Q; GQ; F#Q; FQ; EQ; D#Q
2654  F6 F6 F6 F6 F6 F6 F6 F6 F6 
   DQ; C#Q; CH.; RH
265D  F6 F6 F2 83 
*
*  DEMONSTRATION 2  2 VOICE SCALE WITH
*  EIGHTH NOTES AGAINST QUARTER NOTES
*  TO DEMONSTRATE SIMPLE OVERLAYS
*  ACTIVATE VOICE 2 AND ASSIGN IT TO
*  WAVEFORM 1: REASSIGN VOICE 1 TO WAVE 3
   ACT 2; WAV 3,1; WAV 1,2
2661  90 01 
   1C2Q;  2C4E
2663  60 1A 26 60 4A 09 
          2C4E
2669  09 
   1D2Q;  2D4E
266A  26 29 
          2D4E
266C  09 
   EQ; EE
266D  26 29 
       EE
266F  09 
   FQ; FE; FE
2670  16 19 09 
   GQ; GE; GE;  AQ; AE; AE;   BQ; BE; BE
2673  26 29 09 26 29 09 26 29 09 
   1C3Q; 2C5E; 2C5E
267C  16 19 09 
   B2Q; B4E; BE
267F  F6 F9 09 
   AQ; AE; AE;   GQ; GE; GE;   FQ; FE; FE
2682  E6 E9 09 E6 E9 09 E6 E9 09 
   EQ; EE; EE;   DQ; DE; DE;   1CH; 2CQ; CQ
268B  F6 F9 09 E6 E9 09 E3 E6 06 
   1RH; 2RH
2694  83 83 
*
*  DEMONSTRATION 3  4 VOICE SCALE WITH EIGHTH
*  NOTE TRIPLETS AND EIGHTH NOTES IN THE TREBLE
*  AGAINST QUARTER NOTE CHORDS IN THE BASS
*  ACTIVATE VOICES 3 AND 4 AND ASSIGN THEM TO
*  WAVE 1
*  REASSIGN VOICES 1 AND 2 TO WAVE 3 FOR RICH BASS
   ACT 3,4; WAV 1,3; WAV 1,4; WAV 3,1; WAV 3,2
2696  90 02 90 03 
   1C2Q;  2G2Q;  3C4E;  4C5E3
269A  60 1A 26 60 28 26 60 4A 09 60 62 0B 
                        4C5E3
26A6  0B 
                 3C4E
26A7  09 
                        4C5E3
26A8  0B 
   1D2Q;  2A2Q;  DE;    DE3
26A9  26 26 29 2B 
                        DE3
26AD  0B 
                 DE
26AE  09 
                        DE3
26AF  0B 
   EQ;    BQ;    EE;    EE3
26B0  26 26 29 2B 
                        EE3
26B4  0B 
                 EE
26B5  09 
                        EE3
26B6  0B 
   FQ;    C3Q;   FE;    FE3
26B7  16 16 19 1B 
                        FE3
26BB  0B 
                 FE
26BC  09 
                        FE3
26BD  0B 
   GQ;    DQ;    GE;    GE3
26BE  26 26 29 2B 
                        GE3
26C2  0B 
                 GE
26C3  09 
                        GE3
26C4  0B 
   AQ;    EQ;    AE;    AE3
26C5  26 26 29 2B 
                        AE3
26C9  0B 
                 AE
26CA  09 
                        AE3
26CB  0B 
   BQ;    F#Q;   BE;    BE3
26CC  26 26 29 2B 
                        BE3
26D0  0B 
                 BE
26D1  09 
                        BE3
26D2  0B 
   1C3H;  2G3H;  3C5Q;  4C6Q3
26D3  13 13 16 18 
                        CQ3
26D7  08 
                 CQ
26D8  06 
                        CQ3
26D9  08 
   CH;    GH;    CH;    CH
26DA  03 03 03 03 
   RH;    RH;    RH;    RH
26DE  83 83 83 83 

*
*  DEMONSTRATION 4  ARPEGGIO DEMONSTRATION
*  ASSIGN WAVEFORM 2 TO ALL 4 VOICES
   WAV 2,1;  WAV 2,2;  WAV 2,3;  WAV 2,4
26E2  
   1C4Q.; 2RS;   3RE;   4RE.
26E2  60 4A 14 8C 89 87 
          2E4S
26E8  60 52 1C 
          2E4Q;  3G4Q
26EB  06 B6 
                        4C5E.
26ED  60 62 17 
   1C4Q.; 2RS;   3RE;   4RE.
26F0  04 8C 89 87 
          2F4S
26F4  1C 
          2F4Q;  3A4Q
26F5  06 26 
                        4C5E.
26F7  07 
   1C4Q.; 2RS;   3RE;   4RE.
26F8  04 8C 89 87 
          2E4S
26FC  FC 
          2E4Q; 3G4Q
26FD  06 E6 
                        4C5E.
26FF  07 
   1B3Q.; 2RS;   3RE;   4RE.
2700  F4 8C 89 87 
          2D4S
2704  EC 
          2D4Q;  3G4Q
2705  06 06 
                        4B4E.
2707  F7 
   1C4H.; 2RE;   3RQ;   4RQ.
2708  12 89 86 84 
          2E4E
270C  29 
          2E4H;  3G4H
270D  03 03 
                        4C5Q.
270F  14 
   1RH;   2RH;   3RH;   4RH
2710  83 83 83 83 
*
*  DEMONSTRATION 5  "LEAPFROG" EFFECT
*  AND DEMONSTRATION OF PITCH RANGE
*  LEAVE VOICE DEFINITIONS ALONE
   1C1W;  2RQ;   3RH;   4RH.
2714  60 02 11 86 83 82 
          2E1W
271A  60 0A 11 
                 3G1W
271D  60 10 11 
                        4C2W
2720  60 1A 11 
   1E2W
2723  60 22 11 
          2G2W
2726  60 28 11 
                 3C3W
2729  60 32 11 
                        4E3W
272C  60 3A 11 
   1G3W
272F  60 40 11 
          2C4W
2732  60 4A 11 
                 3E4W
2735  60 52 11 
                        4G4W
2738  60 58 11 
   1C5W
273B  60 62 11 
          2E5W
273E  60 6A 11 
                 3G5W
2741  60 70 11 
                        4C6W
2744  60 7A 11 
   1C6W;  2C6W;  3C6W;  4G5W
2747  60 7A 11 60 7A 11 51 B1 
   1E5W;  2C5W;  3G4W;  4E4W
274F  60 6A 11 60 62 11 60 58 11 60 52 11 
   1C4W;  2G3W;  3E3W;  4C3W
275B  60 4A 11 60 40 11 60 3A 11 60 32 11 
   1G2W;  2E2W;  3C2W;  4G1W
2767  60 28 11 60 22 11 60 1A 11 60 10 11 
   1E1W;  2C1W;  3RH.;  4RH
2773  60 0A 11 60 02 11 82 83 
   1RQ;
277B  86 
   1RH;   2RH;   3RH;   4RH
277C  83 83 83 83 
*
*  DEMONSTRATION 6  TEMPO CHANGE
*  AND MORE COMPLEX MUSIC
   WAV 1,1; WAV 1,2; WAV 1,3; WAV 1,4
2780  
   TPO 150
2780  10 96 
   1F3T; 2RQ; 3RQ; 4RQ
2782  60 3C 0F 86 86 86 
   1B@T; 1D4T; 1FT
2788  5F 4F 3F 
   1B@E
278B  59 
   1B@E; 2F4E; 3D4E; 4F3E
278C  09 60 54 09 60 4E 09 60 3C 09 
   1B@E; 2GE;  3EE;  4EE
2796  09 29 29 F9 
   TPO 160
279A  10 A0 
   1E3T; 2RQ;  3RQ;  4RQ
279C  60 3A 0F 86 86 86 
   1GT;  1B@T; 1C#4T;1B@E
27A2  3F 3F 3F 60 5E 09 
   TPO 170
27A8  10 AA 
   1B@E; 2GE;  3EE;  4C#4E
27AA  09 09 09 60 4C 09 
   1AE;  2F#E; 3DE;  4F#3E
27B0  F9 F9 E9 99 
   TPO 185
27B4  10 B9 
   1D3T; 2RQ;  3RQ;  4RQ
27B6  60 36 0F 86 86 86 
   1AT;  TPO 190; 1D4T; TPO 195
27BC  7F 10 BE 5F 10 C3 
   1F#4T; TPO 200; 1A4E
27C2  4F 10 C8 39 
   1A4Q.;2F#4E;3D4E; 4F#3E
27C6  04 09 09 09 
   TPO 210
27CA  10 D2 
         2D4H; 3B@3H;4G3H
27CC  C3 C3 13 
   1G4H
27CF  E3 
         2E4Q; 3C#4Q;4B@3Q
27D0  26 36 36 
   1RQ;  2F4Q; 3D4H; 4A#Q
27D3  86 16 13 06 
   1RW;  2E4H;       4A3H
27D7  81 F3 F3 
               3C4H
27DA  E3 
         2D4H;       4F3Q
27DB  E3 C6 
               3B@3Q;4G3Q
27DD  E6 26 
   TPO 250
27DF  10 FA 
   1D4W; 2A3W; 3F3W; 4D3W
27E1  B1 B1 B1 B1 
   1RW;  2RW;  3RW;  4RW
27E5  81 81 81 81 
*
*  DEMONSTRATION 7  USE OF NVC STATEMENT
*  SET NUMBER OF VOICES TO GENERATE TO 1
   NVC 1
27E9  50 01 
*  ASSIGN THE VOICE TO WAVE 4 WHICH IS A
*  FULL AMPLITUDE WAVE 4 TIMES LOUDER THAN
*  THE WAVES PREVIOUSLY USED
   WAV 4,1
27EB  
*  DEACTIVATE THE OTHER 3 VOICES (STUPID PROGRAM!)
   DCT 2,3,4
27EB  80 01 80 02 80 03 
   TPO 80
27F1  10 50 
*  PLAY A HARD DRIVING BASS LINE
   D2Q; D2Q; F2E; E2E; D2E; E@2Q
27F3  60 1E 36 06 39 F9 E9 16 
   E@3Q; D3Q; D@3Q; B2E
27FB  60 38 36 F6 F6 E9 
   D2Q; D2Q; F2E; E2E; D2E; E@2H
2801  60 1E 36 06 39 F9 E9 13 
   RW
2809  81 
*
*  DEMONSTRATION 8   WAVEPORM CHANGE
*  FIRST GET THINGS BACK TO NORMAL
   NVC 4
280A  50 04 
   TPO 160
280C  10 A0 
   WAV 1,1; C3S; WAV 2,1; C3S
280E  60 32 0C 60 32 1C 
   WAV 3,1; C3S; WAV 2,1; C3S
2814  60 32 2C 60 32 1C 
   WAV 1,1; E3S; WAV 2,1; E3S
281A  60 3A 0C 60 3A 1C 
   WAV 3,1; E3S; WAV 2,1; E3S
2820  60 3A 2C 60 3A 1C 
   WAV 1,1; G3S; WAV 2,1; G3S
2826  60 40 0C 60 40 1C 
   WAV 3,1; G3S; WAV 2,1; G3S
282C  60 40 2C 60 40 1C 
   WAV 1,1; C4S; WAV 2,1; C4S
2832  60 4A 0C 60 4A 1C 
   WAV 3,1; C4S; WAV 2,1; C4S
2838  60 4A 2C 60 4A 1C 
   RH
283E  83 
*
*  DEMONSTRATION 9  MUSICAL SUBROUTINE USAGE
*  DEFINE SUBROUTINE AREA
   SUB
283F  40 00 00 
*  SHOULD GENERALLY FORCE ABSOLUTE PITCH
*  AT SUBROUTINE ENTRIES
10 ABS
2842  
   C5Q; C5Q; G5Q; G5Q; A5Q; A5Q; G5H
2842  60 62 16 06 76 06 26 06 E3 
   RTS
284B  30 
*
20 ABS
284C  
   F5Q; F5Q; E5Q; E5Q; D5Q; D5Q; C5H
284C  60 6C 16 06 F6 06 E6 06 E3 
   RTS
2855  30 
*
30 ABS
2856  
   G5Q; G5Q; F5Q; F5Q; E5Q; E5Q; D5H
2856  60 70 16 06 E6 06 F6 06 E3 
   RTS
285F  30 
*  END SUBROUTINE AREA
   ESB
2860  
*  NOW SETUP VOICES AND PLAY "TWINKLE STAR"
*  AS A SERIES OF SUBROUTINE CALLS
   WAV 2,1; TPO 80
2860  10 50 
   JSR 10; JSR 20; JSR 30; JSR 30
2862  20 13 02 20 1D 02 20 27 02 20 27 02 
   JSR 10; JSR 20
286E  20 13 02 20 1D 02 
   RW
2874  81 
*
*  DEMONSTRATION 10  INFINITE LOOP WITH RELATIVE
*  PITCH CAUSING ASCENDING CHORD SEQUENCE
   ACT 1,2,3,4; WAV 1,1; WAV 1,2; WAV 1,3; WAV 1,4
2875  90 00 90 01 90 02 90 03 
   TPO 100
287D  10 64 
   1C2Q; 2E2Q; 3G2Q; 4C3Q
287F  60 1A 06 60 22 06 60 28 06 60 32 06 
50 1C2Q; 2F2Q; 3A2Q; 4C3Q
288B  06 16 26 06 
   1C2Q; 2E2Q; 3G2Q; 4C3Q
288F  06 F6 E6 06 
   1B1Q; 2D2Q; 3G2Q; 4B2Q
2893  F6 E6 06 F6 
   1C2H; 2E2H; 3G2H; 4C3H
2897  13 23 03 13 
*  ALL NOTES UP 1/2 STEP HERE
   1C#2Q;2F2Q; 3G#2Q;4C#3Q
289B  16 16 16 16 
   JMP 50
289F  40 5C 02 
*  THE CHORDS WILL EVENTUALLY SLIDE OFF THE UPPER
*  END OF THE PITCH TABLE AND CREATE SOME
*  ODDBALL SOUNDS BUT WILL WRAPAROUND
*  AND BECOME A CHORD PROGRESSION AGAIN.
*
   END
28A2  00 
